// Jest Snapshot v1, https://goo.gl/fbAQLP

exports[`should match the currencyQuoteCard snapshot 1`] = `
ShallowWrapper {
  Symbol(enzyme.__root__): [Circular],
  Symbol(enzyme.__unrendered__): <CurrencyQuoteCard
    quotes={
      Object {
        "currency": "BTC",
        "date": "20181107",
        "quotes": Array [
          Object {
            "price": "34.98",
            "time": "0915",
          },
          Object {
            "price": "36.13",
            "time": "1045",
          },
          Object {
            "price": "37.01",
            "time": "1230",
          },
          Object {
            "price": "95.98",
            "time": "1400",
          },
          Object {
            "price": "39.56",
            "time": "1530",
          },
        ],
      }
    }
  />,
  Symbol(enzyme.__renderer__): Object {
    "batchedUpdates": [Function],
    "getNode": [Function],
    "render": [Function],
    "simulateError": [Function],
    "simulateEvent": [Function],
    "unmount": [Function],
  },
  Symbol(enzyme.__node__): Object {
    "instance": null,
    "key": undefined,
    "nodeType": "host",
    "props": Object {
      "children": <WithStyles(Card)>
        <WithStyles(CardContent)>
          <WithStyles(Typography)
            className="CardHeading"
            color="primary"
            component="h2"
            gutterBottom={true}
            variant="h5"
          >
            07-Nov-2018
             
            <br />
            BTC
             
            <br />
          </WithStyles(Typography)>
          <WithStyles(Table)>
            <WithStyles(TableHead)>
              <WithStyles(TableRow)>
                <WithStyles(TableCell)>
                  BUY
                </WithStyles(TableCell)>
                <WithStyles(TableCell)>
                  SELL
                </WithStyles(TableCell)>
              </WithStyles(TableRow)>
            </WithStyles(TableHead)>
            <WithStyles(TableBody)>
              <WithStyles(TableRow)>
                <WithStyles(TableCell)>
                  $
                  34.98
                </WithStyles(TableCell)>
                <WithStyles(TableCell)>
                  $
                  95.98
                </WithStyles(TableCell)>
              </WithStyles(TableRow)>
              <WithStyles(TableRow)>
                <WithStyles(TableCell)>
                  9:15 AM
                </WithStyles(TableCell)>
                <WithStyles(TableCell)>
                  2:00 PM
                </WithStyles(TableCell)>
              </WithStyles(TableRow)>
            </WithStyles(TableBody)>
          </WithStyles(Table)>
          <br />
          <WithStyles(Typography)
            component="h3"
            gutterBottom={true}
            style={
              Object {
                "color": "teal",
              }
            }
            variant="h5"
          >
            <span>
              Profit: $
              61
            </span>
          </WithStyles(Typography)>
        </WithStyles(CardContent)>
      </WithStyles(Card)>,
      "className": "Card",
    },
    "ref": null,
    "rendered": Object {
      "instance": null,
      "key": undefined,
      "nodeType": "class",
      "props": Object {
        "children": <WithStyles(CardContent)>
          <WithStyles(Typography)
            className="CardHeading"
            color="primary"
            component="h2"
            gutterBottom={true}
            variant="h5"
          >
            07-Nov-2018
             
            <br />
            BTC
             
            <br />
          </WithStyles(Typography)>
          <WithStyles(Table)>
            <WithStyles(TableHead)>
              <WithStyles(TableRow)>
                <WithStyles(TableCell)>
                  BUY
                </WithStyles(TableCell)>
                <WithStyles(TableCell)>
                  SELL
                </WithStyles(TableCell)>
              </WithStyles(TableRow)>
            </WithStyles(TableHead)>
            <WithStyles(TableBody)>
              <WithStyles(TableRow)>
                <WithStyles(TableCell)>
                  $
                  34.98
                </WithStyles(TableCell)>
                <WithStyles(TableCell)>
                  $
                  95.98
                </WithStyles(TableCell)>
              </WithStyles(TableRow)>
              <WithStyles(TableRow)>
                <WithStyles(TableCell)>
                  9:15 AM
                </WithStyles(TableCell)>
                <WithStyles(TableCell)>
                  2:00 PM
                </WithStyles(TableCell)>
              </WithStyles(TableRow)>
            </WithStyles(TableBody)>
          </WithStyles(Table)>
          <br />
          <WithStyles(Typography)
            component="h3"
            gutterBottom={true}
            style={
              Object {
                "color": "teal",
              }
            }
            variant="h5"
          >
            <span>
              Profit: $
              61
            </span>
          </WithStyles(Typography)>
        </WithStyles(CardContent)>,
      },
      "ref": null,
      "rendered": Object {
        "instance": null,
        "key": undefined,
        "nodeType": "class",
        "props": Object {
          "children": Array [
            <WithStyles(Typography)
              className="CardHeading"
              color="primary"
              component="h2"
              gutterBottom={true}
              variant="h5"
            >
              07-Nov-2018
               
              <br />
              BTC
               
              <br />
            </WithStyles(Typography)>,
            <WithStyles(Table)>
              <WithStyles(TableHead)>
                <WithStyles(TableRow)>
                  <WithStyles(TableCell)>
                    BUY
                  </WithStyles(TableCell)>
                  <WithStyles(TableCell)>
                    SELL
                  </WithStyles(TableCell)>
                </WithStyles(TableRow)>
              </WithStyles(TableHead)>
              <WithStyles(TableBody)>
                <WithStyles(TableRow)>
                  <WithStyles(TableCell)>
                    $
                    34.98
                  </WithStyles(TableCell)>
                  <WithStyles(TableCell)>
                    $
                    95.98
                  </WithStyles(TableCell)>
                </WithStyles(TableRow)>
                <WithStyles(TableRow)>
                  <WithStyles(TableCell)>
                    9:15 AM
                  </WithStyles(TableCell)>
                  <WithStyles(TableCell)>
                    2:00 PM
                  </WithStyles(TableCell)>
                </WithStyles(TableRow)>
              </WithStyles(TableBody)>
            </WithStyles(Table)>,
            <br />,
            <WithStyles(Typography)
              component="h3"
              gutterBottom={true}
              style={
                Object {
                  "color": "teal",
                }
              }
              variant="h5"
            >
              <span>
                Profit: $
                61
              </span>
            </WithStyles(Typography)>,
          ],
        },
        "ref": null,
        "rendered": Array [
          Object {
            "instance": null,
            "key": undefined,
            "nodeType": "class",
            "props": Object {
              "children": Array [
                "07-Nov-2018",
                " ",
                <br />,
                "BTC",
                " ",
                <br />,
              ],
              "className": "CardHeading",
              "color": "primary",
              "component": "h2",
              "gutterBottom": true,
              "variant": "h5",
            },
            "ref": null,
            "rendered": Array [
              "07-Nov-2018",
              " ",
              Object {
                "instance": null,
                "key": undefined,
                "nodeType": "host",
                "props": Object {},
                "ref": null,
                "rendered": null,
                "type": "br",
              },
              "BTC",
              " ",
              Object {
                "instance": null,
                "key": undefined,
                "nodeType": "host",
                "props": Object {},
                "ref": null,
                "rendered": null,
                "type": "br",
              },
            ],
            "type": [Function],
          },
          Object {
            "instance": null,
            "key": undefined,
            "nodeType": "class",
            "props": Object {
              "children": Array [
                <WithStyles(TableHead)>
                  <WithStyles(TableRow)>
                    <WithStyles(TableCell)>
                      BUY
                    </WithStyles(TableCell)>
                    <WithStyles(TableCell)>
                      SELL
                    </WithStyles(TableCell)>
                  </WithStyles(TableRow)>
                </WithStyles(TableHead)>,
                <WithStyles(TableBody)>
                  <WithStyles(TableRow)>
                    <WithStyles(TableCell)>
                      $
                      34.98
                    </WithStyles(TableCell)>
                    <WithStyles(TableCell)>
                      $
                      95.98
                    </WithStyles(TableCell)>
                  </WithStyles(TableRow)>
                  <WithStyles(TableRow)>
                    <WithStyles(TableCell)>
                      9:15 AM
                    </WithStyles(TableCell)>
                    <WithStyles(TableCell)>
                      2:00 PM
                    </WithStyles(TableCell)>
                  </WithStyles(TableRow)>
                </WithStyles(TableBody)>,
              ],
            },
            "ref": null,
            "rendered": Array [
              Object {
                "instance": null,
                "key": undefined,
                "nodeType": "class",
                "props": Object {
                  "children": <WithStyles(TableRow)>
                    <WithStyles(TableCell)>
                      BUY
                    </WithStyles(TableCell)>
                    <WithStyles(TableCell)>
                      SELL
                    </WithStyles(TableCell)>
                  </WithStyles(TableRow)>,
                },
                "ref": null,
                "rendered": Object {
                  "instance": null,
                  "key": undefined,
                  "nodeType": "class",
                  "props": Object {
                    "children": Array [
                      <WithStyles(TableCell)>
                        BUY
                      </WithStyles(TableCell)>,
                      <WithStyles(TableCell)>
                        SELL
                      </WithStyles(TableCell)>,
                    ],
                  },
                  "ref": null,
                  "rendered": Array [
                    Object {
                      "instance": null,
                      "key": undefined,
                      "nodeType": "class",
                      "props": Object {
                        "children": "BUY",
                      },
                      "ref": null,
                      "rendered": "BUY",
                      "type": [Function],
                    },
                    Object {
                      "instance": null,
                      "key": undefined,
                      "nodeType": "class",
                      "props": Object {
                        "children": "SELL",
                      },
                      "ref": null,
                      "rendered": "SELL",
                      "type": [Function],
                    },
                  ],
                  "type": [Function],
                },
                "type": [Function],
              },
              Object {
                "instance": null,
                "key": undefined,
                "nodeType": "class",
                "props": Object {
                  "children": Array [
                    <WithStyles(TableRow)>
                      <WithStyles(TableCell)>
                        $
                        34.98
                      </WithStyles(TableCell)>
                      <WithStyles(TableCell)>
                        $
                        95.98
                      </WithStyles(TableCell)>
                    </WithStyles(TableRow)>,
                    <WithStyles(TableRow)>
                      <WithStyles(TableCell)>
                        9:15 AM
                      </WithStyles(TableCell)>
                      <WithStyles(TableCell)>
                        2:00 PM
                      </WithStyles(TableCell)>
                    </WithStyles(TableRow)>,
                  ],
                },
                "ref": null,
                "rendered": Array [
                  Object {
                    "instance": null,
                    "key": undefined,
                    "nodeType": "class",
                    "props": Object {
                      "children": Array [
                        <WithStyles(TableCell)>
                          $
                          34.98
                        </WithStyles(TableCell)>,
                        <WithStyles(TableCell)>
                          $
                          95.98
                        </WithStyles(TableCell)>,
                      ],
                    },
                    "ref": null,
                    "rendered": Array [
                      Object {
                        "instance": null,
                        "key": undefined,
                        "nodeType": "class",
                        "props": Object {
                          "children": Array [
                            "$",
                            "34.98",
                          ],
                        },
                        "ref": null,
                        "rendered": Array [
                          "$",
                          "34.98",
                        ],
                        "type": [Function],
                      },
                      Object {
                        "instance": null,
                        "key": undefined,
                        "nodeType": "class",
                        "props": Object {
                          "children": Array [
                            "$",
                            "95.98",
                          ],
                        },
                        "ref": null,
                        "rendered": Array [
                          "$",
                          "95.98",
                        ],
                        "type": [Function],
                      },
                    ],
                    "type": [Function],
                  },
                  Object {
                    "instance": null,
                    "key": undefined,
                    "nodeType": "class",
                    "props": Object {
                      "children": Array [
                        <WithStyles(TableCell)>
                          9:15 AM
                        </WithStyles(TableCell)>,
                        <WithStyles(TableCell)>
                          2:00 PM
                        </WithStyles(TableCell)>,
                      ],
                    },
                    "ref": null,
                    "rendered": Array [
                      Object {
                        "instance": null,
                        "key": undefined,
                        "nodeType": "class",
                        "props": Object {
                          "children": "9:15 AM",
                        },
                        "ref": null,
                        "rendered": "9:15 AM",
                        "type": [Function],
                      },
                      Object {
                        "instance": null,
                        "key": undefined,
                        "nodeType": "class",
                        "props": Object {
                          "children": "2:00 PM",
                        },
                        "ref": null,
                        "rendered": "2:00 PM",
                        "type": [Function],
                      },
                    ],
                    "type": [Function],
                  },
                ],
                "type": [Function],
              },
            ],
            "type": [Function],
          },
          Object {
            "instance": null,
            "key": undefined,
            "nodeType": "host",
            "props": Object {},
            "ref": null,
            "rendered": null,
            "type": "br",
          },
          Object {
            "instance": null,
            "key": undefined,
            "nodeType": "class",
            "props": Object {
              "children": <span>
                Profit: $
                61
              </span>,
              "component": "h3",
              "gutterBottom": true,
              "style": Object {
                "color": "teal",
              },
              "variant": "h5",
            },
            "ref": null,
            "rendered": Object {
              "instance": null,
              "key": undefined,
              "nodeType": "host",
              "props": Object {
                "children": Array [
                  "Profit: $",
                  "61",
                ],
              },
              "ref": null,
              "rendered": Array [
                "Profit: $",
                "61",
              ],
              "type": "span",
            },
            "type": [Function],
          },
        ],
        "type": [Function],
      },
      "type": [Function],
    },
    "type": "div",
  },
  Symbol(enzyme.__nodes__): Array [
    Object {
      "instance": null,
      "key": undefined,
      "nodeType": "host",
      "props": Object {
        "children": <WithStyles(Card)>
          <WithStyles(CardContent)>
            <WithStyles(Typography)
              className="CardHeading"
              color="primary"
              component="h2"
              gutterBottom={true}
              variant="h5"
            >
              07-Nov-2018
               
              <br />
              BTC
               
              <br />
            </WithStyles(Typography)>
            <WithStyles(Table)>
              <WithStyles(TableHead)>
                <WithStyles(TableRow)>
                  <WithStyles(TableCell)>
                    BUY
                  </WithStyles(TableCell)>
                  <WithStyles(TableCell)>
                    SELL
                  </WithStyles(TableCell)>
                </WithStyles(TableRow)>
              </WithStyles(TableHead)>
              <WithStyles(TableBody)>
                <WithStyles(TableRow)>
                  <WithStyles(TableCell)>
                    $
                    34.98
                  </WithStyles(TableCell)>
                  <WithStyles(TableCell)>
                    $
                    95.98
                  </WithStyles(TableCell)>
                </WithStyles(TableRow)>
                <WithStyles(TableRow)>
                  <WithStyles(TableCell)>
                    9:15 AM
                  </WithStyles(TableCell)>
                  <WithStyles(TableCell)>
                    2:00 PM
                  </WithStyles(TableCell)>
                </WithStyles(TableRow)>
              </WithStyles(TableBody)>
            </WithStyles(Table)>
            <br />
            <WithStyles(Typography)
              component="h3"
              gutterBottom={true}
              style={
                Object {
                  "color": "teal",
                }
              }
              variant="h5"
            >
              <span>
                Profit: $
                61
              </span>
            </WithStyles(Typography)>
          </WithStyles(CardContent)>
        </WithStyles(Card)>,
        "className": "Card",
      },
      "ref": null,
      "rendered": Object {
        "instance": null,
        "key": undefined,
        "nodeType": "class",
        "props": Object {
          "children": <WithStyles(CardContent)>
            <WithStyles(Typography)
              className="CardHeading"
              color="primary"
              component="h2"
              gutterBottom={true}
              variant="h5"
            >
              07-Nov-2018
               
              <br />
              BTC
               
              <br />
            </WithStyles(Typography)>
            <WithStyles(Table)>
              <WithStyles(TableHead)>
                <WithStyles(TableRow)>
                  <WithStyles(TableCell)>
                    BUY
                  </WithStyles(TableCell)>
                  <WithStyles(TableCell)>
                    SELL
                  </WithStyles(TableCell)>
                </WithStyles(TableRow)>
              </WithStyles(TableHead)>
              <WithStyles(TableBody)>
                <WithStyles(TableRow)>
                  <WithStyles(TableCell)>
                    $
                    34.98
                  </WithStyles(TableCell)>
                  <WithStyles(TableCell)>
                    $
                    95.98
                  </WithStyles(TableCell)>
                </WithStyles(TableRow)>
                <WithStyles(TableRow)>
                  <WithStyles(TableCell)>
                    9:15 AM
                  </WithStyles(TableCell)>
                  <WithStyles(TableCell)>
                    2:00 PM
                  </WithStyles(TableCell)>
                </WithStyles(TableRow)>
              </WithStyles(TableBody)>
            </WithStyles(Table)>
            <br />
            <WithStyles(Typography)
              component="h3"
              gutterBottom={true}
              style={
                Object {
                  "color": "teal",
                }
              }
              variant="h5"
            >
              <span>
                Profit: $
                61
              </span>
            </WithStyles(Typography)>
          </WithStyles(CardContent)>,
        },
        "ref": null,
        "rendered": Object {
          "instance": null,
          "key": undefined,
          "nodeType": "class",
          "props": Object {
            "children": Array [
              <WithStyles(Typography)
                className="CardHeading"
                color="primary"
                component="h2"
                gutterBottom={true}
                variant="h5"
              >
                07-Nov-2018
                 
                <br />
                BTC
                 
                <br />
              </WithStyles(Typography)>,
              <WithStyles(Table)>
                <WithStyles(TableHead)>
                  <WithStyles(TableRow)>
                    <WithStyles(TableCell)>
                      BUY
                    </WithStyles(TableCell)>
                    <WithStyles(TableCell)>
                      SELL
                    </WithStyles(TableCell)>
                  </WithStyles(TableRow)>
                </WithStyles(TableHead)>
                <WithStyles(TableBody)>
                  <WithStyles(TableRow)>
                    <WithStyles(TableCell)>
                      $
                      34.98
                    </WithStyles(TableCell)>
                    <WithStyles(TableCell)>
                      $
                      95.98
                    </WithStyles(TableCell)>
                  </WithStyles(TableRow)>
                  <WithStyles(TableRow)>
                    <WithStyles(TableCell)>
                      9:15 AM
                    </WithStyles(TableCell)>
                    <WithStyles(TableCell)>
                      2:00 PM
                    </WithStyles(TableCell)>
                  </WithStyles(TableRow)>
                </WithStyles(TableBody)>
              </WithStyles(Table)>,
              <br />,
              <WithStyles(Typography)
                component="h3"
                gutterBottom={true}
                style={
                  Object {
                    "color": "teal",
                  }
                }
                variant="h5"
              >
                <span>
                  Profit: $
                  61
                </span>
              </WithStyles(Typography)>,
            ],
          },
          "ref": null,
          "rendered": Array [
            Object {
              "instance": null,
              "key": undefined,
              "nodeType": "class",
              "props": Object {
                "children": Array [
                  "07-Nov-2018",
                  " ",
                  <br />,
                  "BTC",
                  " ",
                  <br />,
                ],
                "className": "CardHeading",
                "color": "primary",
                "component": "h2",
                "gutterBottom": true,
                "variant": "h5",
              },
              "ref": null,
              "rendered": Array [
                "07-Nov-2018",
                " ",
                Object {
                  "instance": null,
                  "key": undefined,
                  "nodeType": "host",
                  "props": Object {},
                  "ref": null,
                  "rendered": null,
                  "type": "br",
                },
                "BTC",
                " ",
                Object {
                  "instance": null,
                  "key": undefined,
                  "nodeType": "host",
                  "props": Object {},
                  "ref": null,
                  "rendered": null,
                  "type": "br",
                },
              ],
              "type": [Function],
            },
            Object {
              "instance": null,
              "key": undefined,
              "nodeType": "class",
              "props": Object {
                "children": Array [
                  <WithStyles(TableHead)>
                    <WithStyles(TableRow)>
                      <WithStyles(TableCell)>
                        BUY
                      </WithStyles(TableCell)>
                      <WithStyles(TableCell)>
                        SELL
                      </WithStyles(TableCell)>
                    </WithStyles(TableRow)>
                  </WithStyles(TableHead)>,
                  <WithStyles(TableBody)>
                    <WithStyles(TableRow)>
                      <WithStyles(TableCell)>
                        $
                        34.98
                      </WithStyles(TableCell)>
                      <WithStyles(TableCell)>
                        $
                        95.98
                      </WithStyles(TableCell)>
                    </WithStyles(TableRow)>
                    <WithStyles(TableRow)>
                      <WithStyles(TableCell)>
                        9:15 AM
                      </WithStyles(TableCell)>
                      <WithStyles(TableCell)>
                        2:00 PM
                      </WithStyles(TableCell)>
                    </WithStyles(TableRow)>
                  </WithStyles(TableBody)>,
                ],
              },
              "ref": null,
              "rendered": Array [
                Object {
                  "instance": null,
                  "key": undefined,
                  "nodeType": "class",
                  "props": Object {
                    "children": <WithStyles(TableRow)>
                      <WithStyles(TableCell)>
                        BUY
                      </WithStyles(TableCell)>
                      <WithStyles(TableCell)>
                        SELL
                      </WithStyles(TableCell)>
                    </WithStyles(TableRow)>,
                  },
                  "ref": null,
                  "rendered": Object {
                    "instance": null,
                    "key": undefined,
                    "nodeType": "class",
                    "props": Object {
                      "children": Array [
                        <WithStyles(TableCell)>
                          BUY
                        </WithStyles(TableCell)>,
                        <WithStyles(TableCell)>
                          SELL
                        </WithStyles(TableCell)>,
                      ],
                    },
                    "ref": null,
                    "rendered": Array [
                      Object {
                        "instance": null,
                        "key": undefined,
                        "nodeType": "class",
                        "props": Object {
                          "children": "BUY",
                        },
                        "ref": null,
                        "rendered": "BUY",
                        "type": [Function],
                      },
                      Object {
                        "instance": null,
                        "key": undefined,
                        "nodeType": "class",
                        "props": Object {
                          "children": "SELL",
                        },
                        "ref": null,
                        "rendered": "SELL",
                        "type": [Function],
                      },
                    ],
                    "type": [Function],
                  },
                  "type": [Function],
                },
                Object {
                  "instance": null,
                  "key": undefined,
                  "nodeType": "class",
                  "props": Object {
                    "children": Array [
                      <WithStyles(TableRow)>
                        <WithStyles(TableCell)>
                          $
                          34.98
                        </WithStyles(TableCell)>
                        <WithStyles(TableCell)>
                          $
                          95.98
                        </WithStyles(TableCell)>
                      </WithStyles(TableRow)>,
                      <WithStyles(TableRow)>
                        <WithStyles(TableCell)>
                          9:15 AM
                        </WithStyles(TableCell)>
                        <WithStyles(TableCell)>
                          2:00 PM
                        </WithStyles(TableCell)>
                      </WithStyles(TableRow)>,
                    ],
                  },
                  "ref": null,
                  "rendered": Array [
                    Object {
                      "instance": null,
                      "key": undefined,
                      "nodeType": "class",
                      "props": Object {
                        "children": Array [
                          <WithStyles(TableCell)>
                            $
                            34.98
                          </WithStyles(TableCell)>,
                          <WithStyles(TableCell)>
                            $
                            95.98
                          </WithStyles(TableCell)>,
                        ],
                      },
                      "ref": null,
                      "rendered": Array [
                        Object {
                          "instance": null,
                          "key": undefined,
                          "nodeType": "class",
                          "props": Object {
                            "children": Array [
                              "$",
                              "34.98",
                            ],
                          },
                          "ref": null,
                          "rendered": Array [
                            "$",
                            "34.98",
                          ],
                          "type": [Function],
                        },
                        Object {
                          "instance": null,
                          "key": undefined,
                          "nodeType": "class",
                          "props": Object {
                            "children": Array [
                              "$",
                              "95.98",
                            ],
                          },
                          "ref": null,
                          "rendered": Array [
                            "$",
                            "95.98",
                          ],
                          "type": [Function],
                        },
                      ],
                      "type": [Function],
                    },
                    Object {
                      "instance": null,
                      "key": undefined,
                      "nodeType": "class",
                      "props": Object {
                        "children": Array [
                          <WithStyles(TableCell)>
                            9:15 AM
                          </WithStyles(TableCell)>,
                          <WithStyles(TableCell)>
                            2:00 PM
                          </WithStyles(TableCell)>,
                        ],
                      },
                      "ref": null,
                      "rendered": Array [
                        Object {
                          "instance": null,
                          "key": undefined,
                          "nodeType": "class",
                          "props": Object {
                            "children": "9:15 AM",
                          },
                          "ref": null,
                          "rendered": "9:15 AM",
                          "type": [Function],
                        },
                        Object {
                          "instance": null,
                          "key": undefined,
                          "nodeType": "class",
                          "props": Object {
                            "children": "2:00 PM",
                          },
                          "ref": null,
                          "rendered": "2:00 PM",
                          "type": [Function],
                        },
                      ],
                      "type": [Function],
                    },
                  ],
                  "type": [Function],
                },
              ],
              "type": [Function],
            },
            Object {
              "instance": null,
              "key": undefined,
              "nodeType": "host",
              "props": Object {},
              "ref": null,
              "rendered": null,
              "type": "br",
            },
            Object {
              "instance": null,
              "key": undefined,
              "nodeType": "class",
              "props": Object {
                "children": <span>
                  Profit: $
                  61
                </span>,
                "component": "h3",
                "gutterBottom": true,
                "style": Object {
                  "color": "teal",
                },
                "variant": "h5",
              },
              "ref": null,
              "rendered": Object {
                "instance": null,
                "key": undefined,
                "nodeType": "host",
                "props": Object {
                  "children": Array [
                    "Profit: $",
                    "61",
                  ],
                },
                "ref": null,
                "rendered": Array [
                  "Profit: $",
                  "61",
                ],
                "type": "span",
              },
              "type": [Function],
            },
          ],
          "type": [Function],
        },
        "type": [Function],
      },
      "type": "div",
    },
  ],
  Symbol(enzyme.__options__): Object {
    "adapter": ReactSixteenAdapter {
      "options": Object {
        "enableComponentDidUpdateOnSetState": true,
        "lifecycles": Object {
          "componentDidUpdate": Object {
            "onSetState": true,
          },
          "getDerivedStateFromProps": true,
          "getSnapshotBeforeUpdate": true,
          "setState": Object {
            "skipsComponentDidUpdateOnNullish": true,
          },
        },
      },
    },
  },
}
`;
